// Jest Snapshot v1, https://goo.gl/fbAQLP

exports[`<AmoutText /> checking snapshot 1`] = `
<DocumentFragment>
  <div
    class="sc-AxhCb laRzfC"
    data-testid="amount"
  >
    <p
      class="sc-AxirZ fqAQvC"
      data-testid="text"
    >
      1000
    </p>
    <button
      aria-label="close button"
      class="sc-AxiKw dCgSdz"
      data-testid="btn"
      type="sm"
    >
      close
    </button>
  </div>
</DocumentFragment>
`;
